2026-09-25 16:08:30,482 | INFO     | services.importer | Sheet 'sheet1 -1': 364 parameter rows found
2026-09-25 16:08:30,617 | ERROR    | services.importer | Sheet 'sheet1 -1' failed, rolled back.
Traceback (most recent call last):
  File "/home/bstc/Documents/olf_db/excel-to-database-final/services/importer.py", line 107, in run_import
    unit_id = crud.resolve_lookup_id(
        session,
    ...<2 lines>...
        unit_columns,
    )
  File "/home/bstc/Documents/olf_db/excel-to-database-final/database/crud.py", line 81, in resolve_lookup_id
    raise ValueError(
    ...<2 lines>...
    )
ValueError: Could not resolve 'mv/angular minute' in ate.units. Available columns: id, units
2026-09-25 16:12:48,608 | INFO     | services.importer | Sheet 'sheet1 -1': 364 parameter rows found
2026-09-25 16:12:50,032 | ERROR    | services.importer | Sheet 'sheet1 -1' failed, rolled back.
Traceback (most recent call last):
  File "/home/bstc/Documents/olf_db/excel-to-database-final/services/importer.py", line 107, in run_import
    unit_id = crud.resolve_lookup_id(
        session,
    ...<2 lines>...
        unit_columns,
    )
  File "/home/bstc/Documents/olf_db/excel-to-database-final/database/crud.py", line 81, in resolve_lookup_id
    raise ValueError(
    ...<2 lines>...
    )
ValueError: Could not resolve 'Deg./sec' in ate.units. Available columns: id, units
2026-09-25 16:14:31,746 | INFO     | services.importer | Sheet 'sheet1 -1': 364 parameter rows found
2026-09-25 16:14:33,215 | ERROR    | services.importer | Sheet 'sheet1 -1' failed, rolled back.
Traceback (most recent call last):
  File "/home/bstc/Documents/olf_db/excel-to-database-final/services/importer.py", line 100, in run_import
    param_type_id = crud.resolve_lookup_id(
        session,
    ...<2 lines>...
        param_type_columns,
    )
  File "/home/bstc/Documents/olf_db/excel-to-database-final/database/crud.py", line 81, in resolve_lookup_id
    raise ValueError(
    ...<2 lines>...
    )
ValueError: Could not resolve 'CLIMATIC PARAMETER' in ate.param_type. Available columns: id, param_type
2026-09-25 16:15:55,448 | INFO     | services.importer | Sheet 'sheet1 -1': 364 parameter rows found
2026-09-25 16:15:59,058 | ERROR    | services.importer | Sheet 'sheet1 -1' failed, rolled back.
Traceback (most recent call last):
  File "/home/bstc/Documents/olf_db/excel-to-database-final/services/importer.py", line 100, in run_import
    param_type_id = crud.resolve_lookup_id(
        session,
    ...<2 lines>...
        param_type_columns,
    )
  File "/home/bstc/Documents/olf_db/excel-to-database-final/database/crud.py", line 81, in resolve_lookup_id
    raise ValueError(
    ...<2 lines>...
    )
ValueError: Could not resolve 'DURABILITY PARAMETERS' in ate.param_type. Available columns: id, param_type
2026-09-25 16:17:20,946 | INFO     | services.importer | Sheet 'sheet1 -1': 364 parameter rows found
2026-09-25 16:17:24,499 | ERROR    | services.importer | Sheet 'sheet1 -1' failed, rolled back.
Traceback (most recent call last):
  File "/home/bstc/Documents/olf_db/excel-to-database-final/services/importer.py", line 100, in run_import
    param_type_id = crud.resolve_lookup_id(
        session,
    ...<2 lines>...
        param_type_columns,
    )
  File "/home/bstc/Documents/olf_db/excel-to-database-final/database/crud.py", line 81, in resolve_lookup_id
    raise ValueError(
    ...<2 lines>...
    )
ValueError: Could not resolve 'DURABILITY PARAMETER' in ate.param_type. Available columns: id, param_type
2026-09-25 16:17:59,037 | INFO     | services.importer | Sheet 'sheet1 -1': 364 parameter rows found
2026-09-25 16:18:02,771 | ERROR    | services.importer | Sheet 'sheet1 -1' failed, rolled back.
Traceback (most recent call last):
  File "/home/bstc/Documents/olf_db/excel-to-database-final/services/importer.py", line 107, in run_import
    unit_id = crud.resolve_lookup_id(
        session,
    ...<2 lines>...
        unit_columns,
    )
  File "/home/bstc/Documents/olf_db/excel-to-database-final/database/crud.py", line 81, in resolve_lookup_id
    raise ValueError(
    ...<2 lines>...
    )
ValueError: Could not resolve 'milli volt' in ate.units. Available columns: id, units
2026-09-25 16:19:05,523 | INFO     | services.importer | Sheet 'sheet1 -1': 364 parameter rows found
2026-09-25 16:19:10,614 | ERROR    | services.importer | Sheet 'sheet1 -1' failed, rolled back.
Traceback (most recent call last):
  File "/home/bstc/.pyenv/versions/3.14.7/lib/python3.14/site-packages/sqlalchemy/engine/base.py", line 2127, in _exec_insertmany_context
    dialect.do_execute(
    ~~~~~~~~~~~~~~~~~~^
        cursor,
        ^^^^^^^
    ...<2 lines>...
        context,
        ^^^^^^^^
    )
    ^
  File "/home/bstc/.pyenv/versions/3.14.7/lib/python3.14/site-packages/sqlalchemy/engine/default.py", line 952, in do_execute
    cursor.execute(statement, parameters)
    ~~~~~~~~~~~~~~^^^^^^^^^^^^^^^^^^^^^^^
psycopg2.errors.UndefinedColumn: column "custom" of relation "spec" does not exist
LINE 1: ...st_type_id, main_type_id, obs_type_id, obs_value, custom) SE...
                                                             ^


The above exception was the direct cause of the following exception:

Traceback (most recent call last):
  File "/home/bstc/Documents/olf_db/excel-to-database-final/services/importer.py", line 131, in run_import
    session.commit()
    ~~~~~~~~~~~~~~^^
  File "/home/bstc/.pyenv/versions/3.14.7/lib/python3.14/site-packages/sqlalchemy/orm/session.py", line 2035, in commit
    trans.commit(_to_root=True)
    ~~~~~~~~~~~~^^^^^^^^^^^^^^^
  File "<string>", line 2, in commit
  File "/home/bstc/.pyenv/versions/3.14.7/lib/python3.14/site-packages/sqlalchemy/orm/state_changes.py", line 137, in _go
    ret_value = fn(self, *arg, **kw)
  File "/home/bstc/.pyenv/versions/3.14.7/lib/python3.14/site-packages/sqlalchemy/orm/session.py", line 1316, in commit
    self._prepare_impl()
    ~~~~~~~~~~~~~~~~~~^^
  File "<string>", line 2, in _prepare_impl
  File "/home/bstc/.pyenv/versions/3.14.7/lib/python3.14/site-packages/sqlalchemy/orm/state_changes.py", line 137, in _go
    ret_value = fn(self, *arg, **kw)
  File "/home/bstc/.pyenv/versions/3.14.7/lib/python3.14/site-packages/sqlalchemy/orm/session.py", line 1290, in _prepare_impl
    self.session.flush()
    ~~~~~~~~~~~~~~~~~~^^
  File "/home/bstc/.pyenv/versions/3.14.7/lib/python3.14/site-packages/sqlalchemy/orm/session.py", line 4353, in flush
    self._flush(objects)
    ~~~~~~~~~~~^^^^^^^^^
  File "/home/bstc/.pyenv/versions/3.14.7/lib/python3.14/site-packages/sqlalchemy/orm/session.py", line 4488, in _flush
    with util.safe_reraise():
         ~~~~~~~~~~~~~~~~~^^
  File "/home/bstc/.pyenv/versions/3.14.7/lib/python3.14/site-packages/sqlalchemy/util/langhelpers.py", line 122, in __exit__
    raise exc_value.with_traceback(exc_tb)
  File "/home/bstc/.pyenv/versions/3.14.7/lib/python3.14/site-packages/sqlalchemy/orm/session.py", line 4449, in _flush
    flush_context.execute()
    ~~~~~~~~~~~~~~~~~~~~~^^
  File "/home/bstc/.pyenv/versions/3.14.7/lib/python3.14/site-packages/sqlalchemy/orm/unitofwork.py", line 465, in execute
    rec.execute(self)
    ~~~~~~~~~~~^^^^^^
  File "/home/bstc/.pyenv/versions/3.14.7/lib/python3.14/site-packages/sqlalchemy/orm/unitofwork.py", line 641, in execute
    util.preloaded.orm_persistence.save_obj(
    ~~~~~~~~~~~~~~~~~~~~~~~~~~~~~~~~~~~~~~~^
        self.mapper,
        ^^^^^^^^^^^^
        uow.states_for_mapper_hierarchy(self.mapper, False, False),
        ^^^^^^^^^^^^^^^^^^^^^^^^^^^^^^^^^^^^^^^^^^^^^^^^^^^^^^^^^^^
        uow,
        ^^^^
    )
    ^
  File "/home/bstc/.pyenv/versions/3.14.7/lib/python3.14/site-packages/sqlalchemy/orm/persistence.py", line 94, in save_obj
    _emit_insert_statements(
    ~~~~~~~~~~~~~~~~~~~~~~~^
        base_mapper,
        ^^^^^^^^^^^^
    ...<3 lines>...
        insert,
        ^^^^^^^
    )
    ^
  File "/home/bstc/.pyenv/versions/3.14.7/lib/python3.14/site-packages/sqlalchemy/orm/persistence.py", line 1144, in _emit_insert_statements
    result = connection.execute(
        statement, multiparams, execution_options=execution_options
    )
  File "/home/bstc/.pyenv/versions/3.14.7/lib/python3.14/site-packages/sqlalchemy/engine/base.py", line 1421, in execute
    return meth(
        self,
        distilled_parameters,
        execution_options or NO_OPTIONS,
    )
  File "/home/bstc/.pyenv/versions/3.14.7/lib/python3.14/site-packages/sqlalchemy/sql/elements.py", line 526, in _execute_on_connection
    return connection._execute_clauseelement(
           ~~~~~~~~~~~~~~~~~~~~~~~~~~~~~~~~~^
        self, distilled_params, execution_options
        ^^^^^^^^^^^^^^^^^^^^^^^^^^^^^^^^^^^^^^^^^
    )
    ^
  File "/home/bstc/.pyenv/versions/3.14.7/lib/python3.14/site-packages/sqlalchemy/engine/base.py", line 1643, in _execute_clauseelement
    ret = self._execute_context(
        dialect,
    ...<8 lines>...
        cache_hit=cache_hit,
    )
  File "/home/bstc/.pyenv/versions/3.14.7/lib/python3.14/site-packages/sqlalchemy/engine/base.py", line 1846, in _execute_context
    return self._exec_insertmany_context(dialect, context)
           ~~~~~~~~~~~~~~~~~~~~~~~~~~~~~^^^^^^^^^^^^^^^^^^
  File "/home/bstc/.pyenv/versions/3.14.7/lib/python3.14/site-packages/sqlalchemy/engine/base.py", line 2135, in _exec_insertmany_context
    self._handle_dbapi_exception(
    ~~~~~~~~~~~~~~~~~~~~~~~~~~~~^
        e,
        ^^
    ...<4 lines>...
        is_sub_exec=True,
        ^^^^^^^^^^^^^^^^^
    )
    ^
  File "/home/bstc/.pyenv/versions/3.14.7/lib/python3.14/site-packages/sqlalchemy/engine/base.py", line 2365, in _handle_dbapi_exception
    raise sqlalchemy_exception.with_traceback(exc_info[2]) from e
  File "/home/bstc/.pyenv/versions/3.14.7/lib/python3.14/site-packages/sqlalchemy/engine/base.py", line 2127, in _exec_insertmany_context
    dialect.do_execute(
    ~~~~~~~~~~~~~~~~~~^
        cursor,
        ^^^^^^^
    ...<2 lines>...
        context,
        ^^^^^^^^
    )
    ^
  File "/home/bstc/.pyenv/versions/3.14.7/lib/python3.14/site-packages/sqlalchemy/engine/default.py", line 952, in do_execute
    cursor.execute(statement, parameters)
    ~~~~~~~~~~~~~~^^^^^^^^^^^^^^^^^^^^^^^
sqlalchemy.exc.ProgrammingError: (psycopg2.errors.UndefinedColumn) column "custom" of relation "spec" does not exist
LINE 1: ...st_type_id, main_type_id, obs_type_id, obs_value, custom) SE...
                                                             ^

[SQL: INSERT INTO ate.spec (spec_val, min, max, prod_id, test_id, param_code, param_type, ty_clause_no, unit, sl_no, active, test_type_id, main_type_id, obs_type_id, obs_value, custom) SELECT p0::VARCHAR, p1::FLOAT, p2::FLOAT, p3::INTEGER, p4::INTEGER, p5: ... 110458 characters truncated ... 1, p12, p13, p14, p15, sen_counter) ORDER BY sen_counter RETURNING ate.spec.id, ate.spec.id AS id__1]
[parameters: {'obs_value__0': None, 'max__0': 1, 'test_id__0': 1201, 'obs_type_id__0': None, 'spec_val__0': 'Functioning: Complex should function normally', 'ty_clause_no__0': '1.2.3/3.2.3', 'sl_no__0': 1, 'param_type__0': 1, 'test_type_id__0': None, 'min__0': 1, 'custom__0': None, 'active__0': True, 'prod_id__0': 134, 'param_code__0': '8800100010', 'unit__0': None, 'main_type_id__0': 1, 'obs_value__1': None, 'max__1': 4, 'test_id__1': 1201, 'obs_type_id__1': None, 'spec_val__1': "Permissible range of gunfire in normal climatic condition: Permissible firing zone (ZRV), vertically for different aiming and lead angles should be ( ... (93 characters truncated) ... tral aiming mark of the aiming device, corresponding to the minimum out put voltage of the complex in the channel α and β should not be more than 1'.", 'ty_clause_no__1': '1.2.4/3.2.4', 'sl_no__1': 2, 'param_type__1': 9, 'test_type_id__1': None, 'min__1': 2.5, 'custom__1': None, 'active__1': True, 'prod_id__1': 134, 'param_code__1': '8800100020', 'unit__1': 1, 'main_type_id__1': 1, 'obs_value__2': None, 'max__2': 4, 'test_id__2': 1201, 'obs_type_id__2': None, 'spec_val__2': "Permissible range of gunfire in normal climatic condition: Permissible firing zone (ZRV), horizontal for different aiming and lead angles should be ( ... (102 characters truncated) ... ing mark of the aiming device, corresponding to the minimum out put voltage of the complex in the channel alpha and beta, should not be more than 1'.", 'ty_clause_no__2': '1.2.4/3.2.4', 'sl_no__2': 3, 'param_type__2': 9, 'test_type_id__2': None, 'min__2': 2.5, 'custom__2': None, 'active__2': True, 'prod_id__2': 134, 'param_code__2': '8800100030', 'unit__2': 1, 'main_type_id__2': 1, 'obs_value__3': None, 'max__3': 15.3 ... 5724 parameters truncated ... 'unit__360': None, 'main_type_id__360': 3, 'obs_value__361': None, 'max__361': 0.68, 'test_id__361': 1201, 'obs_type_id__361': None, 'spec_val__361': 'Generation of signal PROHIBITION RV: While the firing of with controlled projectile, the signal PROHIBITION RV should be generated during non execution of   Angular guidance velocity of central aiming mark in vertical plane omegav  = 0.59 ±0.09 degree/s', 'ty_clause_no__361': '1.2.24/3.2.24', 'sl_no__361': 362, 'param_type__361': 5, 'test_type_id__361': None, 'min__361': 0.5, 'custom__361': None, 'active__361': True, 'prod_id__361': 134, 'param_code__361': '8800103640', 'unit__361': 9, 'main_type_id__361': 3, 'obs_value__362': None, 'max__362': 1, 'test_id__362': 1201, 'obs_type_id__362': None, 'spec_val__362': 'Mode of inbuilt control: Complex should ensure the mode of built in controls', 'ty_clause_no__362': '1.2.26/3.2.26', 'sl_no__362': 363, 'param_type__362': 1, 'test_type_id__362': None, 'min__362': 1, 'custom__362': None, 'active__362': True, 'prod_id__362': 134, 'param_code__362': '8800103650', 'unit__362': None, 'main_type_id__362': 3, 'obs_value__363': None, 'max__363': 1, 'test_id__363': 1201, 'obs_type_id__363': None, 'spec_val__363': 'Working Efficiency during six hours of operation mode : Complex should be serviceable continuously for six hours shift in battle field the working time is not restricted', 'ty_clause_no__363': '1.2.1/3.2.1', 'sl_no__363': 364, 'param_type__363': 1, 'test_type_id__363': None, 'min__363': 1, 'custom__363': None, 'active__363': True, 'prod_id__363': 134, 'param_code__363': '8800103660', 'unit__363': None, 'main_type_id__363': 3}]
(Background on this error at: https://sqlalche.me/e/20/f405)
2026-09-25 16:30:25,732 | INFO     | services.importer | Sheet 'sheet1 -1': 364 parameter rows found
2026-09-25 16:30:30,611 | ERROR    | services.importer | Sheet 'sheet1 -1' failed, rolled back.
Traceback (most recent call last):
  File "/home/bstc/.pyenv/versions/3.14.7/lib/python3.14/site-packages/sqlalchemy/engine/base.py", line 2127, in _exec_insertmany_context
    dialect.do_execute(
    ~~~~~~~~~~~~~~~~~~^
        cursor,
        ^^^^^^^
    ...<2 lines>...
        context,
        ^^^^^^^^
    )
    ^
  File "/home/bstc/.pyenv/versions/3.14.7/lib/python3.14/site-packages/sqlalchemy/engine/default.py", line 952, in do_execute
    cursor.execute(statement, parameters)
    ~~~~~~~~~~~~~~^^^^^^^^^^^^^^^^^^^^^^^
psycopg2.errors.UniqueViolation: duplicate key value violates unique constraint "id_a_pkey"
DETAIL:  Key (id)=(103953) already exists.


The above exception was the direct cause of the following exception:

Traceback (most recent call last):
  File "/home/bstc/Documents/olf_db/excel-to-database-final/services/importer.py", line 131, in run_import
    session.commit()
    ~~~~~~~~~~~~~~^^
  File "/home/bstc/.pyenv/versions/3.14.7/lib/python3.14/site-packages/sqlalchemy/orm/session.py", line 2035, in commit
    trans.commit(_to_root=True)
    ~~~~~~~~~~~~^^^^^^^^^^^^^^^
  File "<string>", line 2, in commit
  File "/home/bstc/.pyenv/versions/3.14.7/lib/python3.14/site-packages/sqlalchemy/orm/state_changes.py", line 137, in _go
    ret_value = fn(self, *arg, **kw)
  File "/home/bstc/.pyenv/versions/3.14.7/lib/python3.14/site-packages/sqlalchemy/orm/session.py", line 1316, in commit
    self._prepare_impl()
    ~~~~~~~~~~~~~~~~~~^^
  File "<string>", line 2, in _prepare_impl
  File "/home/bstc/.pyenv/versions/3.14.7/lib/python3.14/site-packages/sqlalchemy/orm/state_changes.py", line 137, in _go
    ret_value = fn(self, *arg, **kw)
  File "/home/bstc/.pyenv/versions/3.14.7/lib/python3.14/site-packages/sqlalchemy/orm/session.py", line 1290, in _prepare_impl
    self.session.flush()
    ~~~~~~~~~~~~~~~~~~^^
  File "/home/bstc/.pyenv/versions/3.14.7/lib/python3.14/site-packages/sqlalchemy/orm/session.py", line 4353, in flush
    self._flush(objects)
    ~~~~~~~~~~~^^^^^^^^^
  File "/home/bstc/.pyenv/versions/3.14.7/lib/python3.14/site-packages/sqlalchemy/orm/session.py", line 4488, in _flush
    with util.safe_reraise():
         ~~~~~~~~~~~~~~~~~^^
  File "/home/bstc/.pyenv/versions/3.14.7/lib/python3.14/site-packages/sqlalchemy/util/langhelpers.py", line 122, in __exit__
    raise exc_value.with_traceback(exc_tb)
  File "/home/bstc/.pyenv/versions/3.14.7/lib/python3.14/site-packages/sqlalchemy/orm/session.py", line 4449, in _flush
    flush_context.execute()
    ~~~~~~~~~~~~~~~~~~~~~^^
  File "/home/bstc/.pyenv/versions/3.14.7/lib/python3.14/site-packages/sqlalchemy/orm/unitofwork.py", line 465, in execute
    rec.execute(self)
    ~~~~~~~~~~~^^^^^^
  File "/home/bstc/.pyenv/versions/3.14.7/lib/python3.14/site-packages/sqlalchemy/orm/unitofwork.py", line 641, in execute
    util.preloaded.orm_persistence.save_obj(
    ~~~~~~~~~~~~~~~~~~~~~~~~~~~~~~~~~~~~~~~^
        self.mapper,
        ^^^^^^^^^^^^
        uow.states_for_mapper_hierarchy(self.mapper, False, False),
        ^^^^^^^^^^^^^^^^^^^^^^^^^^^^^^^^^^^^^^^^^^^^^^^^^^^^^^^^^^^
        uow,
        ^^^^
    )
    ^
  File "/home/bstc/.pyenv/versions/3.14.7/lib/python3.14/site-packages/sqlalchemy/orm/persistence.py", line 94, in save_obj
    _emit_insert_statements(
    ~~~~~~~~~~~~~~~~~~~~~~~^
        base_mapper,
        ^^^^^^^^^^^^
    ...<3 lines>...
        insert,
        ^^^^^^^
    )
    ^
  File "/home/bstc/.pyenv/versions/3.14.7/lib/python3.14/site-packages/sqlalchemy/orm/persistence.py", line 1144, in _emit_insert_statements
    result = connection.execute(
        statement, multiparams, execution_options=execution_options
    )
  File "/home/bstc/.pyenv/versions/3.14.7/lib/python3.14/site-packages/sqlalchemy/engine/base.py", line 1421, in execute
    return meth(
        self,
        distilled_parameters,
        execution_options or NO_OPTIONS,
    )
  File "/home/bstc/.pyenv/versions/3.14.7/lib/python3.14/site-packages/sqlalchemy/sql/elements.py", line 526, in _execute_on_connection
    return connection._execute_clauseelement(
           ~~~~~~~~~~~~~~~~~~~~~~~~~~~~~~~~~^
        self, distilled_params, execution_options
        ^^^^^^^^^^^^^^^^^^^^^^^^^^^^^^^^^^^^^^^^^
    )
    ^
  File "/home/bstc/.pyenv/versions/3.14.7/lib/python3.14/site-packages/sqlalchemy/engine/base.py", line 1643, in _execute_clauseelement
    ret = self._execute_context(
        dialect,
    ...<8 lines>...
        cache_hit=cache_hit,
    )
  File "/home/bstc/.pyenv/versions/3.14.7/lib/python3.14/site-packages/sqlalchemy/engine/base.py", line 1846, in _execute_context
    return self._exec_insertmany_context(dialect, context)
           ~~~~~~~~~~~~~~~~~~~~~~~~~~~~~^^^^^^^^^^^^^^^^^^
  File "/home/bstc/.pyenv/versions/3.14.7/lib/python3.14/site-packages/sqlalchemy/engine/base.py", line 2135, in _exec_insertmany_context
    self._handle_dbapi_exception(
    ~~~~~~~~~~~~~~~~~~~~~~~~~~~~^
        e,
        ^^
    ...<4 lines>...
        is_sub_exec=True,
        ^^^^^^^^^^^^^^^^^
    )
    ^
  File "/home/bstc/.pyenv/versions/3.14.7/lib/python3.14/site-packages/sqlalchemy/engine/base.py", line 2365, in _handle_dbapi_exception
    raise sqlalchemy_exception.with_traceback(exc_info[2]) from e
  File "/home/bstc/.pyenv/versions/3.14.7/lib/python3.14/site-packages/sqlalchemy/engine/base.py", line 2127, in _exec_insertmany_context
    dialect.do_execute(
    ~~~~~~~~~~~~~~~~~~^
        cursor,
        ^^^^^^^
    ...<2 lines>...
        context,
        ^^^^^^^^
    )
    ^
  File "/home/bstc/.pyenv/versions/3.14.7/lib/python3.14/site-packages/sqlalchemy/engine/default.py", line 952, in do_execute
    cursor.execute(statement, parameters)
    ~~~~~~~~~~~~~~^^^^^^^^^^^^^^^^^^^^^^^
sqlalchemy.exc.IntegrityError: (psycopg2.errors.UniqueViolation) duplicate key value violates unique constraint "id_a_pkey"
DETAIL:  Key (id)=(103953) already exists.

[SQL: INSERT INTO ate.spec (spec_val, min, max, prod_id, test_id, param_code, param_type, ty_clause_no, unit, obs_type_id, obs_value, sl_no, active, custom_bool_obs_value, test_type_id, main_type_id) SELECT p0::VARCHAR, p1::FLOAT, p2::FLOAT, p3::INTEGER, p ... 119939 characters truncated ... 1, p12, p13, p14, p15, sen_counter) ORDER BY sen_counter RETURNING ate.spec.id, ate.spec.id AS id__1]
[parameters: {'test_type_id__0': None, 'prod_id__0': 134, 'active__0': True, 'param_code__0': '8800100010', 'min__0': 1, 'sl_no__0': 1, 'max__0': 1, 'spec_val__0': 'Functioning: Complex should function normally', 'test_id__0': 1201, 'obs_type_id__0': None, 'custom_bool_obs_value__0': None, 'main_type_id__0': 1, 'param_type__0': 1, 'ty_clause_no__0': '1.2.3/3.2.3', 'obs_value__0': None, 'unit__0': None, 'test_type_id__1': None, 'prod_id__1': 134, 'active__1': True, 'param_code__1': '8800100020', 'min__1': 2.5, 'sl_no__1': 2, 'max__1': 4, 'spec_val__1': "Permissible range of gunfire in normal climatic condition: Permissible firing zone (ZRV), vertically for different aiming and lead angles should be ( ... (93 characters truncated) ... tral aiming mark of the aiming device, corresponding to the minimum out put voltage of the complex in the channel α and β should not be more than 1'.", 'test_id__1': 1201, 'obs_type_id__1': None, 'custom_bool_obs_value__1': None, 'main_type_id__1': 1, 'param_type__1': 9, 'ty_clause_no__1': '1.2.4/3.2.4', 'obs_value__1': None, 'unit__1': 1, 'test_type_id__2': None, 'prod_id__2': 134, 'active__2': True, 'param_code__2': '8800100030', 'min__2': 2.5, 'sl_no__2': 3, 'max__2': 4, 'spec_val__2': "Permissible range of gunfire in normal climatic condition: Permissible firing zone (ZRV), horizontal for different aiming and lead angles should be ( ... (102 characters truncated) ... ing mark of the aiming device, corresponding to the minimum out put voltage of the complex in the channel alpha and beta, should not be more than 1'.", 'test_id__2': 1201, 'obs_type_id__2': None, 'custom_bool_obs_value__2': None, 'main_type_id__2': 1, 'param_type__2': 9, 'ty_clause_no__2': '1.2.4/3.2.4', 'obs_value__2': None, 'unit__2': 1, 'test_type_id__3': None, 'prod_id__3': 134 ... 5724 parameters truncated ... 'obs_value__360': None, 'unit__360': None, 'test_type_id__361': None, 'prod_id__361': 134, 'active__361': True, 'param_code__361': '8800103640', 'min__361': 0.5, 'sl_no__361': 362, 'max__361': 0.68, 'spec_val__361': 'Generation of signal PROHIBITION RV: While the firing of with controlled projectile, the signal PROHIBITION RV should be generated during non execution of   Angular guidance velocity of central aiming mark in vertical plane omegav  = 0.59 ±0.09 degree/s', 'test_id__361': 1201, 'obs_type_id__361': None, 'custom_bool_obs_value__361': None, 'main_type_id__361': 3, 'param_type__361': 5, 'ty_clause_no__361': '1.2.24/3.2.24', 'obs_value__361': None, 'unit__361': 9, 'test_type_id__362': None, 'prod_id__362': 134, 'active__362': True, 'param_code__362': '8800103650', 'min__362': 1, 'sl_no__362': 363, 'max__362': 1, 'spec_val__362': 'Mode of inbuilt control: Complex should ensure the mode of built in controls', 'test_id__362': 1201, 'obs_type_id__362': None, 'custom_bool_obs_value__362': None, 'main_type_id__362': 3, 'param_type__362': 1, 'ty_clause_no__362': '1.2.26/3.2.26', 'obs_value__362': None, 'unit__362': None, 'test_type_id__363': None, 'prod_id__363': 134, 'active__363': True, 'param_code__363': '8800103660', 'min__363': 1, 'sl_no__363': 364, 'max__363': 1, 'spec_val__363': 'Working Efficiency during six hours of operation mode : Complex should be serviceable continuously for six hours shift in battle field the working time is not restricted', 'test_id__363': 1201, 'obs_type_id__363': None, 'custom_bool_obs_value__363': None, 'main_type_id__363': 3, 'param_type__363': 1, 'ty_clause_no__363': '1.2.1/3.2.1', 'obs_value__363': None, 'unit__363': None}]
(Background on this error at: https://sqlalche.me/e/20/gkpj)
2026-09-25 16:32:54,106 | INFO     | services.importer | Sheet 'sheet1 -1': 364 parameter rows found
2026-09-25 16:32:58,883 | ERROR    | services.importer | Sheet 'sheet1 -1' failed, rolled back.
Traceback (most recent call last):
  File "/home/bstc/.pyenv/versions/3.14.7/lib/python3.14/site-packages/sqlalchemy/engine/base.py", line 2127, in _exec_insertmany_context
    dialect.do_execute(
    ~~~~~~~~~~~~~~~~~~^
        cursor,
        ^^^^^^^
    ...<2 lines>...
        context,
        ^^^^^^^^
    )
    ^
  File "/home/bstc/.pyenv/versions/3.14.7/lib/python3.14/site-packages/sqlalchemy/engine/default.py", line 952, in do_execute
    cursor.execute(statement, parameters)
    ~~~~~~~~~~~~~~^^^^^^^^^^^^^^^^^^^^^^^
psycopg2.errors.UniqueViolation: duplicate key value violates unique constraint "id_a_pkey"
DETAIL:  Key (id)=(104388) already exists.


The above exception was the direct cause of the following exception:

Traceback (most recent call last):
  File "/home/bstc/Documents/olf_db/excel-to-database-final/services/importer.py", line 131, in run_import
    session.commit()
    ~~~~~~~~~~~~~~^^
  File "/home/bstc/.pyenv/versions/3.14.7/lib/python3.14/site-packages/sqlalchemy/orm/session.py", line 2035, in commit
    trans.commit(_to_root=True)
    ~~~~~~~~~~~~^^^^^^^^^^^^^^^
  File "<string>", line 2, in commit
  File "/home/bstc/.pyenv/versions/3.14.7/lib/python3.14/site-packages/sqlalchemy/orm/state_changes.py", line 137, in _go
    ret_value = fn(self, *arg, **kw)
  File "/home/bstc/.pyenv/versions/3.14.7/lib/python3.14/site-packages/sqlalchemy/orm/session.py", line 1316, in commit
    self._prepare_impl()
    ~~~~~~~~~~~~~~~~~~^^
  File "<string>", line 2, in _prepare_impl
  File "/home/bstc/.pyenv/versions/3.14.7/lib/python3.14/site-packages/sqlalchemy/orm/state_changes.py", line 137, in _go
    ret_value = fn(self, *arg, **kw)
  File "/home/bstc/.pyenv/versions/3.14.7/lib/python3.14/site-packages/sqlalchemy/orm/session.py", line 1290, in _prepare_impl
    self.session.flush()
    ~~~~~~~~~~~~~~~~~~^^
  File "/home/bstc/.pyenv/versions/3.14.7/lib/python3.14/site-packages/sqlalchemy/orm/session.py", line 4353, in flush
    self._flush(objects)
    ~~~~~~~~~~~^^^^^^^^^
  File "/home/bstc/.pyenv/versions/3.14.7/lib/python3.14/site-packages/sqlalchemy/orm/session.py", line 4488, in _flush
    with util.safe_reraise():
         ~~~~~~~~~~~~~~~~~^^
  File "/home/bstc/.pyenv/versions/3.14.7/lib/python3.14/site-packages/sqlalchemy/util/langhelpers.py", line 122, in __exit__
    raise exc_value.with_traceback(exc_tb)
  File "/home/bstc/.pyenv/versions/3.14.7/lib/python3.14/site-packages/sqlalchemy/orm/session.py", line 4449, in _flush
    flush_context.execute()
    ~~~~~~~~~~~~~~~~~~~~~^^
  File "/home/bstc/.pyenv/versions/3.14.7/lib/python3.14/site-packages/sqlalchemy/orm/unitofwork.py", line 465, in execute
    rec.execute(self)
    ~~~~~~~~~~~^^^^^^
  File "/home/bstc/.pyenv/versions/3.14.7/lib/python3.14/site-packages/sqlalchemy/orm/unitofwork.py", line 641, in execute
    util.preloaded.orm_persistence.save_obj(
    ~~~~~~~~~~~~~~~~~~~~~~~~~~~~~~~~~~~~~~~^
        self.mapper,
        ^^^^^^^^^^^^
        uow.states_for_mapper_hierarchy(self.mapper, False, False),
        ^^^^^^^^^^^^^^^^^^^^^^^^^^^^^^^^^^^^^^^^^^^^^^^^^^^^^^^^^^^
        uow,
        ^^^^
    )
    ^
  File "/home/bstc/.pyenv/versions/3.14.7/lib/python3.14/site-packages/sqlalchemy/orm/persistence.py", line 94, in save_obj
    _emit_insert_statements(
    ~~~~~~~~~~~~~~~~~~~~~~~^
        base_mapper,
        ^^^^^^^^^^^^
    ...<3 lines>...
        insert,
        ^^^^^^^
    )
    ^
  File "/home/bstc/.pyenv/versions/3.14.7/lib/python3.14/site-packages/sqlalchemy/orm/persistence.py", line 1144, in _emit_insert_statements
    result = connection.execute(
        statement, multiparams, execution_options=execution_options
    )
  File "/home/bstc/.pyenv/versions/3.14.7/lib/python3.14/site-packages/sqlalchemy/engine/base.py", line 1421, in execute
    return meth(
        self,
        distilled_parameters,
        execution_options or NO_OPTIONS,
    )
  File "/home/bstc/.pyenv/versions/3.14.7/lib/python3.14/site-packages/sqlalchemy/sql/elements.py", line 526, in _execute_on_connection
    return connection._execute_clauseelement(
           ~~~~~~~~~~~~~~~~~~~~~~~~~~~~~~~~~^
        self, distilled_params, execution_options
        ^^^^^^^^^^^^^^^^^^^^^^^^^^^^^^^^^^^^^^^^^
    )
    ^
  File "/home/bstc/.pyenv/versions/3.14.7/lib/python3.14/site-packages/sqlalchemy/engine/base.py", line 1643, in _execute_clauseelement
    ret = self._execute_context(
        dialect,
    ...<8 lines>...
        cache_hit=cache_hit,
    )
  File "/home/bstc/.pyenv/versions/3.14.7/lib/python3.14/site-packages/sqlalchemy/engine/base.py", line 1846, in _execute_context
    return self._exec_insertmany_context(dialect, context)
           ~~~~~~~~~~~~~~~~~~~~~~~~~~~~~^^^^^^^^^^^^^^^^^^
  File "/home/bstc/.pyenv/versions/3.14.7/lib/python3.14/site-packages/sqlalchemy/engine/base.py", line 2135, in _exec_insertmany_context
    self._handle_dbapi_exception(
    ~~~~~~~~~~~~~~~~~~~~~~~~~~~~^
        e,
        ^^
    ...<4 lines>...
        is_sub_exec=True,
        ^^^^^^^^^^^^^^^^^
    )
    ^
  File "/home/bstc/.pyenv/versions/3.14.7/lib/python3.14/site-packages/sqlalchemy/engine/base.py", line 2365, in _handle_dbapi_exception
    raise sqlalchemy_exception.with_traceback(exc_info[2]) from e
  File "/home/bstc/.pyenv/versions/3.14.7/lib/python3.14/site-packages/sqlalchemy/engine/base.py", line 2127, in _exec_insertmany_context
    dialect.do_execute(
    ~~~~~~~~~~~~~~~~~~^
        cursor,
        ^^^^^^^
    ...<2 lines>...
        context,
        ^^^^^^^^
    )
    ^
  File "/home/bstc/.pyenv/versions/3.14.7/lib/python3.14/site-packages/sqlalchemy/engine/default.py", line 952, in do_execute
    cursor.execute(statement, parameters)
    ~~~~~~~~~~~~~~^^^^^^^^^^^^^^^^^^^^^^^
sqlalchemy.exc.IntegrityError: (psycopg2.errors.UniqueViolation) duplicate key value violates unique constraint "id_a_pkey"
DETAIL:  Key (id)=(104388) already exists.

[SQL: INSERT INTO ate.spec (spec_val, min, max, prod_id, test_id, param_code, param_type, ty_clause_no, unit, obs_type_id, obs_value, sl_no, active, custom_bool_obs_value, test_type_id, main_type_id) SELECT p0::VARCHAR, p1::FLOAT, p2::FLOAT, p3::INTEGER, p ... 119939 characters truncated ... 1, p12, p13, p14, p15, sen_counter) ORDER BY sen_counter RETURNING ate.spec.id, ate.spec.id AS id__1]
[parameters: {'active__0': True, 'spec_val__0': 'Functioning: Complex should function normally', 'min__0': 1, 'obs_value__0': None, 'param_code__0': '8800100010', 'main_type_id__0': 1, 'sl_no__0': 1, 'custom_bool_obs_value__0': None, 'unit__0': None, 'test_id__0': 1201, 'max__0': 1, 'param_type__0': 1, 'prod_id__0': 134, 'test_type_id__0': None, 'ty_clause_no__0': '1.2.3/3.2.3', 'obs_type_id__0': None, 'active__1': True, 'spec_val__1': "Permissible range of gunfire in normal climatic condition: Permissible firing zone (ZRV), vertically for different aiming and lead angles should be ( ... (93 characters truncated) ... tral aiming mark of the aiming device, corresponding to the minimum out put voltage of the complex in the channel α and β should not be more than 1'.", 'min__1': 2.5, 'obs_value__1': None, 'param_code__1': '8800100020', 'main_type_id__1': 1, 'sl_no__1': 2, 'custom_bool_obs_value__1': None, 'unit__1': 1, 'test_id__1': 1201, 'max__1': 4, 'param_type__1': 9, 'prod_id__1': 134, 'test_type_id__1': None, 'ty_clause_no__1': '1.2.4/3.2.4', 'obs_type_id__1': None, 'active__2': True, 'spec_val__2': "Permissible range of gunfire in normal climatic condition: Permissible firing zone (ZRV), horizontal for different aiming and lead angles should be ( ... (102 characters truncated) ... ing mark of the aiming device, corresponding to the minimum out put voltage of the complex in the channel alpha and beta, should not be more than 1'.", 'min__2': 2.5, 'obs_value__2': None, 'param_code__2': '8800100030', 'main_type_id__2': 1, 'sl_no__2': 3, 'custom_bool_obs_value__2': None, 'unit__2': 1, 'test_id__2': 1201, 'max__2': 4, 'param_type__2': 9, 'prod_id__2': 134, 'test_type_id__2': None, 'ty_clause_no__2': '1.2.4/3.2.4', 'obs_type_id__2': None, 'active__3': True, 'spec_val__3': "Slope (K) along the channels a and b at AC: With the switched “ON” and switched “OFF” computer, should be (13.9' ±1.4) mV/angular minute.  K alpha When computer is “ON”" ... 5724 parameters truncated ... 'ty_clause_no__360': '1.2.24/3.2.24', 'obs_type_id__360': None, 'active__361': True, 'spec_val__361': 'Generation of signal PROHIBITION RV: While the firing of with controlled projectile, the signal PROHIBITION RV should be generated during non execution of   Angular guidance velocity of central aiming mark in vertical plane omegav  = 0.59 ±0.09 degree/s', 'min__361': 0.5, 'obs_value__361': None, 'param_code__361': '8800103640', 'main_type_id__361': 3, 'sl_no__361': 362, 'custom_bool_obs_value__361': None, 'unit__361': 9, 'test_id__361': 1201, 'max__361': 0.68, 'param_type__361': 5, 'prod_id__361': 134, 'test_type_id__361': None, 'ty_clause_no__361': '1.2.24/3.2.24', 'obs_type_id__361': None, 'active__362': True, 'spec_val__362': 'Mode of inbuilt control: Complex should ensure the mode of built in controls', 'min__362': 1, 'obs_value__362': None, 'param_code__362': '8800103650', 'main_type_id__362': 3, 'sl_no__362': 363, 'custom_bool_obs_value__362': None, 'unit__362': None, 'test_id__362': 1201, 'max__362': 1, 'param_type__362': 1, 'prod_id__362': 134, 'test_type_id__362': None, 'ty_clause_no__362': '1.2.26/3.2.26', 'obs_type_id__362': None, 'active__363': True, 'spec_val__363': 'Working Efficiency during six hours of operation mode : Complex should be serviceable continuously for six hours shift in battle field the working time is not restricted', 'min__363': 1, 'obs_value__363': None, 'param_code__363': '8800103660', 'main_type_id__363': 3, 'sl_no__363': 364, 'custom_bool_obs_value__363': None, 'unit__363': None, 'test_id__363': 1201, 'max__363': 1, 'param_type__363': 1, 'prod_id__363': 134, 'test_type_id__363': None, 'ty_clause_no__363': '1.2.1/3.2.1', 'obs_type_id__363': None}]
(Background on this error at: https://sqlalche.me/e/20/gkpj)
2026-09-25 16:37:03,208 | INFO     | services.importer | Sheet 'sheet1 -1': 364 parameter rows found
2026-09-25 16:37:08,100 | INFO     | services.importer | Sheet 'sheet1 -1' committed successfully.
2026-09-25 16:37:08,100 | INFO     | services.importer | Import finished: 1 sheet(s) processed, 364 spec row(s) inserted.
2026-09-25 16:52:56,574 | INFO     | services.importer | Sheet 'sheet1 -1': 364 parameter rows found
2026-09-25 16:53:01,468 | INFO     | services.importer | Sheet 'sheet1 -1' committed successfully.
2026-09-25 16:53:01,468 | INFO     | services.importer | Import finished: 1 sheet(s) processed, 364 spec row(s) inserted.
2026-09-25 17:25:30,441 | INFO     | services.importer | Sheet 'sheet1 -1': 364 parameter rows found
2026-09-25 17:25:35,282 | ERROR    | services.importer | Sheet 'sheet1 -1' failed, rolled back.
Traceback (most recent call last):
  File "/home/bstc/.pyenv/versions/3.14.7/lib/python3.14/site-packages/sqlalchemy/engine/base.py", line 2127, in _exec_insertmany_context
    dialect.do_execute(
    ~~~~~~~~~~~~~~~~~~^
        cursor,
        ^^^^^^^
    ...<2 lines>...
        context,
        ^^^^^^^^
    )
    ^
  File "/home/bstc/.pyenv/versions/3.14.7/lib/python3.14/site-packages/sqlalchemy/engine/default.py", line 952, in do_execute
    cursor.execute(statement, parameters)
    ~~~~~~~~~~~~~~^^^^^^^^^^^^^^^^^^^^^^^
psycopg2.errors.UniqueViolation: duplicate key value violates unique constraint "id_a_pkey"
DETAIL:  Key (id)=(104388) already exists.


The above exception was the direct cause of the following exception:

Traceback (most recent call last):
  File "/home/bstc/Documents/olf_db/excel-to-database-final/services/importer.py", line 143, in run_import
    session.commit()
    ~~~~~~~~~~~~~~^^
  File "/home/bstc/.pyenv/versions/3.14.7/lib/python3.14/site-packages/sqlalchemy/orm/session.py", line 2035, in commit
    trans.commit(_to_root=True)
    ~~~~~~~~~~~~^^^^^^^^^^^^^^^
  File "<string>", line 2, in commit
  File "/home/bstc/.pyenv/versions/3.14.7/lib/python3.14/site-packages/sqlalchemy/orm/state_changes.py", line 137, in _go
    ret_value = fn(self, *arg, **kw)
  File "/home/bstc/.pyenv/versions/3.14.7/lib/python3.14/site-packages/sqlalchemy/orm/session.py", line 1316, in commit
    self._prepare_impl()
    ~~~~~~~~~~~~~~~~~~^^
  File "<string>", line 2, in _prepare_impl
  File "/home/bstc/.pyenv/versions/3.14.7/lib/python3.14/site-packages/sqlalchemy/orm/state_changes.py", line 137, in _go
    ret_value = fn(self, *arg, **kw)
  File "/home/bstc/.pyenv/versions/3.14.7/lib/python3.14/site-packages/sqlalchemy/orm/session.py", line 1290, in _prepare_impl
    self.session.flush()
    ~~~~~~~~~~~~~~~~~~^^
  File "/home/bstc/.pyenv/versions/3.14.7/lib/python3.14/site-packages/sqlalchemy/orm/session.py", line 4353, in flush
    self._flush(objects)
    ~~~~~~~~~~~^^^^^^^^^
  File "/home/bstc/.pyenv/versions/3.14.7/lib/python3.14/site-packages/sqlalchemy/orm/session.py", line 4488, in _flush
    with util.safe_reraise():
         ~~~~~~~~~~~~~~~~~^^
  File "/home/bstc/.pyenv/versions/3.14.7/lib/python3.14/site-packages/sqlalchemy/util/langhelpers.py", line 122, in __exit__
    raise exc_value.with_traceback(exc_tb)
  File "/home/bstc/.pyenv/versions/3.14.7/lib/python3.14/site-packages/sqlalchemy/orm/session.py", line 4449, in _flush
    flush_context.execute()
    ~~~~~~~~~~~~~~~~~~~~~^^
  File "/home/bstc/.pyenv/versions/3.14.7/lib/python3.14/site-packages/sqlalchemy/orm/unitofwork.py", line 465, in execute
    rec.execute(self)
    ~~~~~~~~~~~^^^^^^
  File "/home/bstc/.pyenv/versions/3.14.7/lib/python3.14/site-packages/sqlalchemy/orm/unitofwork.py", line 641, in execute
    util.preloaded.orm_persistence.save_obj(
    ~~~~~~~~~~~~~~~~~~~~~~~~~~~~~~~~~~~~~~~^
        self.mapper,
        ^^^^^^^^^^^^
        uow.states_for_mapper_hierarchy(self.mapper, False, False),
        ^^^^^^^^^^^^^^^^^^^^^^^^^^^^^^^^^^^^^^^^^^^^^^^^^^^^^^^^^^^
        uow,
        ^^^^
    )
    ^
  File "/home/bstc/.pyenv/versions/3.14.7/lib/python3.14/site-packages/sqlalchemy/orm/persistence.py", line 94, in save_obj
    _emit_insert_statements(
    ~~~~~~~~~~~~~~~~~~~~~~~^
        base_mapper,
        ^^^^^^^^^^^^
    ...<3 lines>...
        insert,
        ^^^^^^^
    )
    ^
  File "/home/bstc/.pyenv/versions/3.14.7/lib/python3.14/site-packages/sqlalchemy/orm/persistence.py", line 1144, in _emit_insert_statements
    result = connection.execute(
        statement, multiparams, execution_options=execution_options
    )
  File "/home/bstc/.pyenv/versions/3.14.7/lib/python3.14/site-packages/sqlalchemy/engine/base.py", line 1421, in execute
    return meth(
        self,
        distilled_parameters,
        execution_options or NO_OPTIONS,
    )
  File "/home/bstc/.pyenv/versions/3.14.7/lib/python3.14/site-packages/sqlalchemy/sql/elements.py", line 526, in _execute_on_connection
    return connection._execute_clauseelement(
           ~~~~~~~~~~~~~~~~~~~~~~~~~~~~~~~~~^
        self, distilled_params, execution_options
        ^^^^^^^^^^^^^^^^^^^^^^^^^^^^^^^^^^^^^^^^^
    )
    ^
  File "/home/bstc/.pyenv/versions/3.14.7/lib/python3.14/site-packages/sqlalchemy/engine/base.py", line 1643, in _execute_clauseelement
    ret = self._execute_context(
        dialect,
    ...<8 lines>...
        cache_hit=cache_hit,
    )
  File "/home/bstc/.pyenv/versions/3.14.7/lib/python3.14/site-packages/sqlalchemy/engine/base.py", line 1846, in _execute_context
    return self._exec_insertmany_context(dialect, context)
           ~~~~~~~~~~~~~~~~~~~~~~~~~~~~~^^^^^^^^^^^^^^^^^^
  File "/home/bstc/.pyenv/versions/3.14.7/lib/python3.14/site-packages/sqlalchemy/engine/base.py", line 2135, in _exec_insertmany_context
    self._handle_dbapi_exception(
    ~~~~~~~~~~~~~~~~~~~~~~~~~~~~^
        e,
        ^^
    ...<4 lines>...
        is_sub_exec=True,
        ^^^^^^^^^^^^^^^^^
    )
    ^
  File "/home/bstc/.pyenv/versions/3.14.7/lib/python3.14/site-packages/sqlalchemy/engine/base.py", line 2365, in _handle_dbapi_exception
    raise sqlalchemy_exception.with_traceback(exc_info[2]) from e
  File "/home/bstc/.pyenv/versions/3.14.7/lib/python3.14/site-packages/sqlalchemy/engine/base.py", line 2127, in _exec_insertmany_context
    dialect.do_execute(
    ~~~~~~~~~~~~~~~~~~^
        cursor,
        ^^^^^^^
    ...<2 lines>...
        context,
        ^^^^^^^^
    )
    ^
  File "/home/bstc/.pyenv/versions/3.14.7/lib/python3.14/site-packages/sqlalchemy/engine/default.py", line 952, in do_execute
    cursor.execute(statement, parameters)
    ~~~~~~~~~~~~~~^^^^^^^^^^^^^^^^^^^^^^^
sqlalchemy.exc.IntegrityError: (psycopg2.errors.UniqueViolation) duplicate key value violates unique constraint "id_a_pkey"
DETAIL:  Key (id)=(104388) already exists.

[SQL: INSERT INTO ate.spec (spec_val, min, max, prod_id, test_id, param_code, param_type, ty_clause_no, unit, obs_type_id, obs_value, sl_no, active, custom_bool_obs_value, test_type_id, main_type_id) SELECT p0::VARCHAR, p1::FLOAT, p2::FLOAT, p3::INTEGER, p ... 119939 characters truncated ... 1, p12, p13, p14, p15, sen_counter) ORDER BY sen_counter RETURNING ate.spec.id, ate.spec.id AS id__1]
[parameters: {'spec_val__0': 'Functioning: Complex should function normally', 'test_id__0': 1201, 'ty_clause_no__0': '1.2.3/3.2.3', 'min__0': 1, 'active__0': True, 'custom_bool_obs_value__0': None, 'unit__0': None, 'obs_value__0': 'ok_notok', 'main_type_id__0': 1, 'test_type_id__0': None, 'prod_id__0': 134, 'max__0': 1, 'sl_no__0': 1, 'param_code__0': '8800100010', 'obs_type_id__0': 4, 'param_type__0': 1, 'spec_val__1': "Permissible range of gunfire in normal climatic condition: Permissible firing zone (ZRV), vertically for different aiming and lead angles should be ( ... (93 characters truncated) ... tral aiming mark of the aiming device, corresponding to the minimum out put voltage of the complex in the channel α and β should not be more than 1'.", 'test_id__1': 1201, 'ty_clause_no__1': '1.2.4/3.2.4', 'min__1': 2.5, 'active__1': True, 'custom_bool_obs_value__1': None, 'unit__1': 1, 'obs_value__1': None, 'main_type_id__1': 1, 'test_type_id__1': None, 'prod_id__1': 134, 'max__1': 4, 'sl_no__1': 2, 'param_code__1': '8800100020', 'obs_type_id__1': 2, 'param_type__1': 9, 'spec_val__2': "Permissible range of gunfire in normal climatic condition: Permissible firing zone (ZRV), horizontal for different aiming and lead angles should be ( ... (102 characters truncated) ... ing mark of the aiming device, corresponding to the minimum out put voltage of the complex in the channel alpha and beta, should not be more than 1'.", 'test_id__2': 1201, 'ty_clause_no__2': '1.2.4/3.2.4', 'min__2': 2.5, 'active__2': True, 'custom_bool_obs_value__2': None, 'unit__2': 1, 'obs_value__2': None, 'main_type_id__2': 1, 'test_type_id__2': None, 'prod_id__2': 134, 'max__2': 4, 'sl_no__2': 3, 'param_code__2': '8800100030', 'obs_type_id__2': 2, 'param_type__2': 9, 'spec_val__3': "Slope (K) along the channels a and b at AC: With the switched “ON” and switched “OFF” computer, should be (13.9' ±1.4) mV/angular minute.  K alpha When computer is “ON”", 'test_id__3': 1201 ... 5724 parameters truncated ... 'obs_type_id__360': 4, 'param_type__360': 1, 'spec_val__361': 'Generation of signal PROHIBITION RV: While the firing of with controlled projectile, the signal PROHIBITION RV should be generated during non execution of   Angular guidance velocity of central aiming mark in vertical plane omegav  = 0.59 ±0.09 degree/s', 'test_id__361': 1201, 'ty_clause_no__361': '1.2.24/3.2.24', 'min__361': 0.5, 'active__361': True, 'custom_bool_obs_value__361': None, 'unit__361': 9, 'obs_value__361': None, 'main_type_id__361': 3, 'test_type_id__361': None, 'prod_id__361': 134, 'max__361': 0.68, 'sl_no__361': 362, 'param_code__361': '8800103640', 'obs_type_id__361': 2, 'param_type__361': 5, 'spec_val__362': 'Mode of inbuilt control: Complex should ensure the mode of built in controls', 'test_id__362': 1201, 'ty_clause_no__362': '1.2.26/3.2.26', 'min__362': 1, 'active__362': True, 'custom_bool_obs_value__362': None, 'unit__362': None, 'obs_value__362': 'ok_notok', 'main_type_id__362': 3, 'test_type_id__362': None, 'prod_id__362': 134, 'max__362': 1, 'sl_no__362': 363, 'param_code__362': '8800103650', 'obs_type_id__362': 4, 'param_type__362': 1, 'spec_val__363': 'Working Efficiency during six hours of operation mode : Complex should be serviceable continuously for six hours shift in battle field the working time is not restricted', 'test_id__363': 1201, 'ty_clause_no__363': '1.2.1/3.2.1', 'min__363': 1, 'active__363': True, 'custom_bool_obs_value__363': None, 'unit__363': None, 'obs_value__363': 'ok_notok', 'main_type_id__363': 3, 'test_type_id__363': None, 'prod_id__363': 134, 'max__363': 1, 'sl_no__363': 364, 'param_code__363': '8800103660', 'obs_type_id__363': 4, 'param_type__363': 1}]
(Background on this error at: https://sqlalche.me/e/20/gkpj)
2026-09-25 17:27:58,218 | INFO     | services.importer | Sheet 'sheet1 -1': 364 parameter rows found
2026-09-25 17:28:03,070 | INFO     | services.importer | Sheet 'sheet1 -1' committed successfully.
2026-09-25 17:28:03,070 | INFO     | services.importer | Import finished: 1 sheet(s) processed, 364 spec row(s) inserted.
2026-09-25 18:09:03,083 | ERROR    | services.importer | Sheet 'sheet1 (3)' failed, rolled back.
Traceback (most recent call last):
  File "/home/bstc/Documents/olf_db/excel-to-database-final/services/importer.py", line 79, in run_import
    rows = parse_parameter_rows(
        ws,
    ...<2 lines>...
        columns_map=columns_map,
    )
  File "/home/bstc/Documents/olf_db/excel-to-database-final/excel/parser.py", line 96, in parse_parameter_rows
    col_idx = _locate_header_columns(ws, header_row, columns_map)
  File "/home/bstc/Documents/olf_db/excel-to-database-final/excel/parser.py", line 60, in _locate_header_columns
    raise ValueError(
    ...<2 lines>...
    )
ValueError: Sheet 'sheet1 (3)': could not locate header column(s) ['duration', 'main_type', 'max', 'min', 'param_code', 'param_type', 'sl_no', 'spec_val', 'test_by', 'test_type', 'ty_clause_no', 'unit'] in row 1. Check mappings/column_mapping.json.
2026-09-25 18:13:27,436 | ERROR    | services.importer | Sheet 'sheet1 (3)' failed, rolled back.
Traceback (most recent call last):
  File "/home/bstc/Documents/olf_db/excel-to-database-final/services/importer.py", line 79, in run_import
    rows = parse_parameter_rows(
        ws,
    ...<2 lines>...
        columns_map=columns_map,
    )
  File "/home/bstc/Documents/olf_db/excel-to-database-final/excel/parser.py", line 96, in parse_parameter_rows
    col_idx = _locate_header_columns(ws, header_row, columns_map)
  File "/home/bstc/Documents/olf_db/excel-to-database-final/excel/parser.py", line 60, in _locate_header_columns
    raise ValueError(
    ...<2 lines>...
    )
ValueError: Sheet 'sheet1 (3)': could not locate header column(s) ['duration', 'main_type', 'max', 'min', 'param_code', 'param_type', 'sl_no', 'spec_val', 'test_by', 'test_type', 'ty_clause_no', 'unit'] in row 1. Check mappings/column_mapping.json.
2026-09-25 18:16:58,432 | ERROR    | services.importer | Sheet 'sheet1 (3)' failed, rolled back.
Traceback (most recent call last):
  File "/home/bstc/Documents/olf_db/excel-to-database-final/services/importer.py", line 79, in run_import
    rows = parse_parameter_rows(
        ws,
    ...<2 lines>...
        columns_map=columns_map,
    )
  File "/home/bstc/Documents/olf_db/excel-to-database-final/excel/parser.py", line 96, in parse_parameter_rows
    col_idx = _locate_header_columns(ws, header_row, columns_map)
  File "/home/bstc/Documents/olf_db/excel-to-database-final/excel/parser.py", line 60, in _locate_header_columns
    raise ValueError(
    ...<2 lines>...
    )
ValueError: Sheet 'sheet1 (3)': could not locate header column(s) ['duration', 'main_type', 'max', 'min', 'param_type', 'sl_no', 'spec_val', 'test_by', 'ty_clause_no', 'unit'] in row 1. Check mappings/column_mapping.json.
